TAP version 13
# Subtest: workerd parses original schemas and exact-size schema3 worst-practical input
ok 1 - workerd parses original schemas and exact-size schema3 worst-practical input
  ---
  duration_ms: 5814.1184
  type: 'test'
  ...
# Subtest: D1 admission reserves fixed rows, exact retries are stable, and ACK has exactly the protocol fields
ok 2 - D1 admission reserves fixed rows, exact retries are stable, and ACK has exactly the protocol fields
  ---
  duration_ms: 4988.8502
  type: 'test'
  ...
# Subtest: true overlapping exact requests converge on one batch and one immutable row reservation
ok 3 - true overlapping exact requests converge on one batch and one immutable row reservation
  ---
  duration_ms: 2785.5116
  type: 'test'
  ...
# Subtest: overlapping different batches cannot both pass the one-pending-batch guard
ok 4 - overlapping different batches cannot both pass the one-pending-batch guard
  ---
  duration_ms: 2722.9121
  type: 'test'
  ...
# Subtest: expired stale lease and newer invocation only write the same frozen rows
ok 5 - expired stale lease and newer invocation only write the same frozen rows
  ---
  duration_ms: 5434.896
  type: 'test'
  ...
# Subtest: same segment with changed content conflicts before admission
ok 6 - same segment with changed content conflicts before admission
  ---
  duration_ms: 1803.4983
  type: 'test'
  ...
# Subtest: same event IDs in a later segment retain their original destination and rows
ok 7 - same event IDs in a later segment retain their original destination and rows
  ---
  duration_ms: 5239.8023
  type: 'test'
  ...
# Subtest: same event ID with different canonical content conflicts across segments
ok 8 - same event ID with different canonical content conflicts across segments
  ---
  duration_ms: 4654.9631
  type: 'test'
  ...
# Subtest: admission transaction rolls back completely when statement 0 fails
ok 9 - admission transaction rolls back completely when statement 0 fails
  ---
  duration_ms: 2221.0834
  type: 'test'
  ...
# Subtest: admission transaction rolls back completely when statement 1 fails
ok 10 - admission transaction rolls back completely when statement 1 fails
  ---
  duration_ms: 2151.2464
  type: 'test'
  ...
# Subtest: admission transaction rolls back completely when statement 2 fails
ok 11 - admission transaction rolls back completely when statement 2 fails
  ---
  duration_ms: 2187.2303
  type: 'test'
  ...
# Subtest: admission transaction rolls back completely when statement 3 fails
ok 12 - admission transaction rolls back completely when statement 3 fails
  ---
  duration_ms: 2076.1379
  type: 'test'
  ...
# Subtest: admission transaction rolls back completely when statement 4 fails
ok 13 - admission transaction rolls back completely when statement 4 fails
  ---
  duration_ms: 2187.9411
  type: 'test'
  ...
# Subtest: admission transaction rolls back completely when statement 5 fails
ok 14 - admission transaction rolls back completely when statement 5 fails
  ---
  duration_ms: 2066.9432
  type: 'test'
  ...
# Subtest: admission transaction rolls back completely when statement 6 fails
ok 15 - admission transaction rolls back completely when statement 6 fails
  ---
  duration_ms: 2138.7343
  type: 'test'
  ...
# Subtest: admission transaction rolls back completely when statement 7 fails
ok 16 - admission transaction rolls back completely when statement 7 fails
  ---
  duration_ms: 2033.9306
  type: 'test'
  ...
# Subtest: admission transaction rolls back completely when statement 8 fails
ok 17 - admission transaction rolls back completely when statement 8 fails
  ---
  duration_ms: 2148.2951
  type: 'test'
  ...
# Subtest: stale installation revision and link generation lose admission race
ok 18 - stale installation revision and link generation lose admission race
  ---
  duration_ms: 2022.5761
  type: 'test'
  ...
# Subtest: disconnect between preflight and atomic admission cannot produce a pending receipt
ok 19 - disconnect between preflight and atomic admission cannot produce a pending receipt
  ---
  duration_ms: 2081.0695
  type: 'test'
  ...
# Subtest: archive activation during admission keeps old reservations from crossing the archive boundary
ok 20 - archive activation during admission keeps old reservations from crossing the archive boundary
  ---
  duration_ms: 3277.3845
  type: 'test'
  ...
# Subtest: quota, partial-write, and lost-response faults never acknowledge before exact verification
ok 21 - quota, partial-write, and lost-response faults never acknowledge before exact verification
  ---
  duration_ms: 9702.4891
  type: 'test'
  ...
# Subtest: edited reserved row is blocked and destination deletion cannot produce a false ACK
ok 22 - edited reserved row is blocked and destination deletion cannot produce a false ACK
  ---
  duration_ms: 5084.6656
  type: 'test'
  ...
# Subtest: committed compaction retains dedup receipt after D1 close and reopen
ok 23 - committed compaction retains dedup receipt after D1 close and reopen
  ---
  duration_ms: 5626.7768
  type: 'test'
  ...
# Subtest: corrupted resumable work progress is blocked without a COMMITTED ACK
ok 24 - corrupted resumable work progress is blocked without a COMMITTED ACK
  ---
  duration_ms: 2185.1697
  type: 'test'
  ...
# Subtest: admission and ACK query counters remain bounded and report D1 row metrics
ok 25 - admission and ACK query counters remain bounded and report D1 row metrics
  ---
  duration_ms: 1846.0777
  type: 'test'
  ...
# Subtest: durable restart admitted resumes without new reservations
ok 26 - durable restart admitted resumes without new reservations
  ---
  duration_ms: 6127.5531
  type: 'test'
  ...
# Subtest: durable restart after-write resumes without new reservations
ok 27 - durable restart after-write resumes without new reservations
  ---
  duration_ms: 7012.4959
  type: 'test'
  ...
# Subtest: quota recovers after backoff and verifies every row
ok 28 - quota recovers after backoff and verifies every row
  ---
  duration_ms: 5933.1507
  type: 'test'
  ...
# Subtest: lost-response recovers after backoff and verifies every row
ok 29 - lost-response recovers after backoff and verifies every row
  ---
  duration_ms: 5475.9658
  type: 'test'
  ...
# Subtest: partial-write recovers after backoff and verifies every row
ok 30 - partial-write recovers after backoff and verifies every row
  ---
  duration_ms: 5939.0641
  type: 'test'
  ...
# Subtest: D1 read/write failures and interruption at commit never manufacture ACK
ok 31 - D1 read/write failures and interruption at commit never manufacture ACK
  ---
  duration_ms: 5745.9059
  type: 'test'
  ...
# Subtest: disconnect while write is outstanding prevents stale commit
ok 32 - disconnect while write is outstanding prevents stale commit
  ---
  duration_ms: 3656.4047
  type: 'test'
  ...
# Subtest: generation while write is outstanding prevents stale commit
ok 33 - generation while write is outstanding prevents stale commit
  ---
  duration_ms: 3678.7688
  type: 'test'
  ...
# Subtest: immutable SQL constraints reject stale content, row and destination changes
ok 34 - immutable SQL constraints reject stale content, row and destination changes
  ---
  duration_ms: 4731.868
  type: 'test'
  ...
# Subtest: archive capacity is guarded within the admission transaction
ok 35 - archive capacity is guarded within the admission transaction
  ---
  duration_ms: 1777.3579
  type: 'test'
  ...
# Subtest: compacted event tombstones deduplicate a later segment
ok 36 - compacted event tombstones deduplicate a later segment
  ---
  duration_ms: 6356.2252
  type: 'test'
  ...
# Subtest: disconnect retry cannot disable a replacement generation
ok 37 - disconnect retry cannot disable a replacement generation
  ---
  duration_ms: 1766.2363
  type: 'test'
  ...
# Subtest: Worker AES-GCM vault records interoperate with the existing Node vault format
ok 38 - Worker AES-GCM vault records interoperate with the existing Node vault format
  ---
  duration_ms: 38.2613
  type: 'test'
  ...
# Subtest: Worker crypto primitives retain OAuth-compatible encodings
ok 39 - Worker crypto primitives retain OAuth-compatible encodings
  ---
  duration_ms: 3.5246
  type: 'test'
  ...
# Subtest: synthetic Google identity metadata requires issuer, exact audience, live expiry, nonce, verified email, and minimal scopes
ok 40 - synthetic Google identity metadata requires issuer, exact audience, live expiry, nonce, verified email, and minimal scopes
  ---
  duration_ms: 6.3579
  type: 'test'
  ...
# Subtest: vault and OAuth claim helpers execute in actual local workerd
ok 41 - vault and OAuth claim helpers execute in actual local workerd
  ---
  duration_ms: 436.3455
  type: 'test'
  ...
# Subtest: bounded HTTP helpers reject oversized streams and invalid JSON
ok 42 - bounded HTTP helpers reject oversized streams and invalid JSON
  ---
  duration_ms: 11.3642
  type: 'test'
  ...
# Subtest: JSON responses are finite, private, and hardened
ok 43 - JSON responses are finite, private, and hardened
  ---
  duration_ms: 3.9184
  type: 'test'
  ...
# Subtest: free-only config accepts the local D1 shape and rejects routes or paid-capable bindings
ok 44 - free-only config accepts the local D1 shape and rejects routes or paid-capable bindings
  ---
  duration_ms: 1.1071
  type: 'test'
  ...
# Subtest: D1 pairing claim/poll proofs are separate and Google callback cannot activate without device confirmation
ok 45 - D1 pairing claim/poll proofs are separate and Google callback cannot activate without device confirmation
  ---
  duration_ms: 3219.633
  type: 'test'
  ...
# Subtest: lost provisioning reply cannot claim another create and confirm retries recover the same Sheet
ok 46 - lost provisioning reply cannot claim another create and confirm retries recover the same Sheet
  ---
  duration_ms: 2674.7608
  type: 'test'
  ...
# Subtest: concurrent claim and confirm keep one browser session and one active cloud binding
ok 47 - concurrent claim and confirm keep one browser session and one active cloud binding
  ---
  duration_ms: 2770.9194
  type: 'test'
  ...
# Subtest: expired pairing and absent vault fail closed without Google binding
ok 48 - expired pairing and absent vault fail closed without Google binding
  ---
  duration_ms: 1755.239
  type: 'test'
  ...
# Subtest: new OAuth start supersedes an in-flight callback and cannot activate stale account metadata
ok 49 - new OAuth start supersedes an in-flight callback and cannot activate stale account metadata
  ---
  duration_ms: 2116.862
  type: 'test'
  ...
# Subtest: actual workerd HTTP ingestion retains existing metadata/body/ACK contract and emits finite JSON
ok 50 - actual workerd HTTP ingestion retains existing metadata/body/ACK contract and emits finite JSON
  ---
  duration_ms: 1382.8295
  type: 'test'
  ...
# Subtest: actual Worker endpoint allowlist has no door, PIN, identity, Wi-Fi, or Owner mutation path
ok 51 - actual Worker endpoint allowlist has no door, PIN, identity, Wi-Fi, or Owner mutation path
  ---
  duration_ms: 1350.9267
  type: 'test'
  ...
# Subtest: actual Worker rejects malformed MIME, oversized bodies, combined security headers and absent OAuth config
ok 52 - actual Worker rejects malformed MIME, oversized bodies, combined security headers and absent OAuth config
  ---
  duration_ms: 1226.5712
  type: 'test'
  ...
# Subtest: repository local config carries no secrets or paid services and no automatic deploy command
ok 53 - repository local config carries no secrets or paid services and no automatic deploy command
  ---
  duration_ms: 3.0657
  type: 'test'
  ...
# Subtest: actual workerd scheduled invocations resume D1 delivery and HTTP emits exact COMMITTED
ok 54 - actual workerd scheduled invocations resume D1 delivery and HTTP emits exact COMMITTED
  ---
  duration_ms: 2539.279
  type: 'test'
  ...
1..54
# tests 54
# suites 0
# pass 54
# fail 0
# cancelled 0
# skipped 0
# todo 0
# duration_ms 169942.5084
